// Jest Snapshot v1, https://goo.gl/fbAQLP

exports[`HeaderButton renders correctly 1`] = `
<View
  accessible={true}
  focusable={true}
  isTVSelectable={true}
  onClick={[Function]}
  onResponderGrant={[Function]}
  onResponderMove={[Function]}
  onResponderRelease={[Function]}
  onResponderTerminate={[Function]}
  onResponderTerminationRequest={[Function]}
  onStartShouldSetResponder={[Function]}
  style={
    Object {
      "marginHorizontal": 16,
      "opacity": 1,
    }
  }
>
  <Text
    style={
      Array [
        Object {
          "color": "#000",
          "fontSize": 18,
        },
      ]
    }
  >
    A header button's title
  </Text>
</View>
`;
